{"empty_object": {}, "empty_array": [], "empty_string": ""}