{"quotes": "He said \"Hello World\"", "backslash": "Path: C:\\Users\\Name", "unicode": "Unicode: αβγ", "newlines": "Line 1\nLine 2\tTabbed"}