{"small": 1.23e-10, "large": 9.87e+15, "negative": -0.00456}