{"emoji": "🚀🎉🦀", "surrogate_pairs": "🚀🎉🦀", "mixed": "Hello 🌍 World", "copyright": "© 2023"}